------------------------------------------------------------
Timing Analyzer Summary
------------------------------------------------------------

Type  : Slow 1100mV 85C Model Setup 'CLOCK_50'
Slack : -3.774
TNS   : -24.300

Type  : Slow 1100mV 85C Model Setup 'divider:inst2|lpm_counter:LPM_COUNTER_component|cntr_hjh:auto_generated|counter_reg_bit[16]'
Slack : -1.837
TNS   : -21.254

Type  : Slow 1100mV 85C Model Setup 'divider:inst2|lpm_counter:LPM_COUNTER_component|cntr_hjh:auto_generated|counter_reg_bit[17]'
Slack : -1.549
TNS   : -11.534

Type  : Slow 1100mV 85C Model Hold 'CLOCK_50'
Slack : 0.380
TNS   : 0.000

Type  : Slow 1100mV 85C Model Hold 'divider:inst2|lpm_counter:LPM_COUNTER_component|cntr_hjh:auto_generated|counter_reg_bit[17]'
Slack : 0.543
TNS   : 0.000

Type  : Slow 1100mV 85C Model Hold 'divider:inst2|lpm_counter:LPM_COUNTER_component|cntr_hjh:auto_generated|counter_reg_bit[16]'
Slack : 0.721
TNS   : 0.000

Type  : Slow 1100mV 85C Model Minimum Pulse Width 'divider:inst2|lpm_counter:LPM_COUNTER_component|cntr_hjh:auto_generated|counter_reg_bit[16]'
Slack : -2.174
TNS   : -52.508

Type  : Slow 1100mV 85C Model Minimum Pulse Width 'CLOCK_50'
Slack : -0.656
TNS   : -12.813

Type  : Slow 1100mV 85C Model Minimum Pulse Width 'divider:inst2|lpm_counter:LPM_COUNTER_component|cntr_hjh:auto_generated|counter_reg_bit[17]'
Slack : -0.394
TNS   : -4.750

Type  : Slow 1100mV 0C Model Setup 'CLOCK_50'
Slack : -3.633
TNS   : -25.239

Type  : Slow 1100mV 0C Model Setup 'divider:inst2|lpm_counter:LPM_COUNTER_component|cntr_hjh:auto_generated|counter_reg_bit[16]'
Slack : -1.727
TNS   : -20.980

Type  : Slow 1100mV 0C Model Setup 'divider:inst2|lpm_counter:LPM_COUNTER_component|cntr_hjh:auto_generated|counter_reg_bit[17]'
Slack : -1.630
TNS   : -12.038

Type  : Slow 1100mV 0C Model Hold 'CLOCK_50'
Slack : 0.363
TNS   : 0.000

Type  : Slow 1100mV 0C Model Hold 'divider:inst2|lpm_counter:LPM_COUNTER_component|cntr_hjh:auto_generated|counter_reg_bit[17]'
Slack : 0.531
TNS   : 0.000

Type  : Slow 1100mV 0C Model Hold 'divider:inst2|lpm_counter:LPM_COUNTER_component|cntr_hjh:auto_generated|counter_reg_bit[16]'
Slack : 0.685
TNS   : 0.000

Type  : Slow 1100mV 0C Model Minimum Pulse Width 'divider:inst2|lpm_counter:LPM_COUNTER_component|cntr_hjh:auto_generated|counter_reg_bit[16]'
Slack : -2.174
TNS   : -52.352

Type  : Slow 1100mV 0C Model Minimum Pulse Width 'CLOCK_50'
Slack : -0.665
TNS   : -11.894

Type  : Slow 1100mV 0C Model Minimum Pulse Width 'divider:inst2|lpm_counter:LPM_COUNTER_component|cntr_hjh:auto_generated|counter_reg_bit[17]'
Slack : -0.394
TNS   : -4.651

Type  : Fast 1100mV 85C Model Setup 'CLOCK_50'
Slack : -3.137
TNS   : -9.296

Type  : Fast 1100mV 85C Model Setup 'divider:inst2|lpm_counter:LPM_COUNTER_component|cntr_hjh:auto_generated|counter_reg_bit[16]'
Slack : -0.901
TNS   : -8.375

Type  : Fast 1100mV 85C Model Setup 'divider:inst2|lpm_counter:LPM_COUNTER_component|cntr_hjh:auto_generated|counter_reg_bit[17]'
Slack : -0.512
TNS   : -3.649

Type  : Fast 1100mV 85C Model Hold 'CLOCK_50'
Slack : 0.200
TNS   : 0.000

Type  : Fast 1100mV 85C Model Hold 'divider:inst2|lpm_counter:LPM_COUNTER_component|cntr_hjh:auto_generated|counter_reg_bit[17]'
Slack : 0.246
TNS   : 0.000

Type  : Fast 1100mV 85C Model Hold 'divider:inst2|lpm_counter:LPM_COUNTER_component|cntr_hjh:auto_generated|counter_reg_bit[16]'
Slack : 0.277
TNS   : 0.000

Type  : Fast 1100mV 85C Model Minimum Pulse Width 'divider:inst2|lpm_counter:LPM_COUNTER_component|cntr_hjh:auto_generated|counter_reg_bit[16]'
Slack : -2.174
TNS   : -52.542

Type  : Fast 1100mV 85C Model Minimum Pulse Width 'CLOCK_50'
Slack : -0.713
TNS   : -9.690

Type  : Fast 1100mV 85C Model Minimum Pulse Width 'divider:inst2|lpm_counter:LPM_COUNTER_component|cntr_hjh:auto_generated|counter_reg_bit[17]'
Slack : 0.117
TNS   : 0.000

Type  : Fast 1100mV 0C Model Setup 'CLOCK_50'
Slack : -2.628
TNS   : -7.831

Type  : Fast 1100mV 0C Model Setup 'divider:inst2|lpm_counter:LPM_COUNTER_component|cntr_hjh:auto_generated|counter_reg_bit[16]'
Slack : -0.730
TNS   : -7.382

Type  : Fast 1100mV 0C Model Setup 'divider:inst2|lpm_counter:LPM_COUNTER_component|cntr_hjh:auto_generated|counter_reg_bit[17]'
Slack : -0.471
TNS   : -3.262

Type  : Fast 1100mV 0C Model Hold 'divider:inst2|lpm_counter:LPM_COUNTER_component|cntr_hjh:auto_generated|counter_reg_bit[16]'
Slack : 0.153
TNS   : 0.000

Type  : Fast 1100mV 0C Model Hold 'CLOCK_50'
Slack : 0.191
TNS   : 0.000

Type  : Fast 1100mV 0C Model Hold 'divider:inst2|lpm_counter:LPM_COUNTER_component|cntr_hjh:auto_generated|counter_reg_bit[17]'
Slack : 0.218
TNS   : 0.000

Type  : Fast 1100mV 0C Model Minimum Pulse Width 'divider:inst2|lpm_counter:LPM_COUNTER_component|cntr_hjh:auto_generated|counter_reg_bit[16]'
Slack : -2.174
TNS   : -52.428

Type  : Fast 1100mV 0C Model Minimum Pulse Width 'CLOCK_50'
Slack : -0.737
TNS   : -11.263

Type  : Fast 1100mV 0C Model Minimum Pulse Width 'divider:inst2|lpm_counter:LPM_COUNTER_component|cntr_hjh:auto_generated|counter_reg_bit[17]'
Slack : 0.128
TNS   : 0.000

------------------------------------------------------------
